
> personal-portfolio@1.0.0 build
> vite build

[36mvite v6.4.1 [32mbuilding for production...[36m[39m
transforming...
[32mΓ£ô[39m 1947 modules transformed.
node.exe : [31mΓ£ù[39m Build failed in 
1.55s
At C:\Program Files\nodejs\npm.ps1:29 
char:3
+   & $NODE_EXE $NPM_CLI_JS $args
+   ~~~~~~~~~~~~~~~~~~~~~~~~~~~~~
    + CategoryInfo          : NotSpecified 
   : ([31mΓ£ù[39m Build failed in 1.55s  
  :String) [], RemoteException
    + FullyQualifiedErrorId : NativeComman 
   dError
 
[31merror during build:
[31msrc/App.jsx (5:7): "default" is not 
exported by "src/components/Skills.jsx", 
imported by "src/App.jsx".[31m
file: [36mC:/Users/Pongo/Desktop/Belajar/P
rojects 4 Portofolio/Personal-Portofolio/sr
c/App.jsx:5:7[31m
[33m
3: import About from './components/About'
4: import Projects from 
'./components/Projects'
5: import Skills from './components/Skills'
          ^
6: import Credentials from 
'./components/Credentials'
7: import Contact from 
'./components/Contact'
[31m
    at getRollupError (file:///C:/Users/Pon
go/Desktop/Belajar/Projects%204%20Portofoli
o/Personal-Portofolio/node_modules/rollup/d
ist/es/shared/parseAst.js:402:41)
    at error (file:///C:/Users/Pongo/Deskto
p/Belajar/Projects%204%20Portofolio/Persona
l-Portofolio/node_modules/rollup/dist/es/sh
ared/parseAst.js:398:42)
    at Module.error (file:///C:/Users/Pongo
/Desktop/Belajar/Projects%204%20Portofolio/
Personal-Portofolio/node_modules/rollup/dis
t/es/shared/node-entry.js:17040:16)
    at Module.traceVariable (file:///C:/Use
rs/Pongo/Desktop/Belajar/Projects%204%20Por
tofolio/Personal-Portofolio/node_modules/ro
llup/dist/es/shared/node-entry.js:17452:29)
    at ModuleScope.findVariable (file:///C:
/Users/Pongo/Desktop/Belajar/Projects%204%2
0Portofolio/Personal-Portofolio/node_module
s/rollup/dist/es/shared/node-entry.js:15070
:39)
    at FunctionScope.findVariable (file:///
C:/Users/Pongo/Desktop/Belajar/Projects%204
%20Portofolio/Personal-Portofolio/node_modu
les/rollup/dist/es/shared/node-entry.js:567
3:38)
    at FunctionBodyScope.findVariable (file
:///C:/Users/Pongo/Desktop/Belajar/Projects
%204%20Portofolio/Personal-Portofolio/node_
modules/rollup/dist/es/shared/node-entry.js
:5673:38)
    at Identifier.bind (file:///C:/Users/Po
ngo/Desktop/Belajar/Projects%204%20Portofol
io/Personal-Portofolio/node_modules/rollup/
dist/es/shared/node-entry.js:5447:40)
    at CallExpression.bind (file:///C:/User
s/Pongo/Desktop/Belajar/Projects%204%20Port
ofolio/Personal-Portofolio/node_modules/rol
lup/dist/es/shared/node-entry.js:2825:28)
    at CallExpression.bind (file:///C:/User
s/Pongo/Desktop/Belajar/Projects%204%20Port
ofolio/Personal-Portofolio/node_modules/rol
lup/dist/es/shared/node-entry.js:12179:15)
[39m
